........................................................................ [ 16%]
........................................................................ [ 32%]
........................................................................ [ 48%]
........................................................................ [ 64%]
........................................................................ [ 80%]
....................................................................ssss [ 96%]
sssssssssssssssss                                                        [100%]
=========================== short test summary info ============================
SKIPPED [20] tests/test_optional_backends.py:7: swiglpk/GLPK is not installed; no live GLPK validation
SKIPPED [1] tests/test_optional_backends.py:19: highspy is not installed; optional LP reader not live-validated
428 passed, 21 skipped in 5.78s
